// Jest Snapshot v1, https://goo.gl/fbAQLP

exports[`Show the About Us page Snapshots Matches the snapshot (with default params) 1`] = `
<div
  className="page"
>
  <div
    className="page about jumbotron"
  >
    <h2>
      About Us page
    </h2>
    <p>
      This is the about us page
    </p>
    <hr />
  </div>
  <div
    className="block_file"
  >
    <span
      className="block_file_name"
    >
      file: /data/pages/about.md
    </span>
    <pre
      style={
        Object {
          "MozBoxSizing": "border-box",
          "MozHyphens": "none",
          "MozTabSize": "4",
          "OTabSize": "4",
          "WebkitBoxSizing": "border-box",
          "WebkitHyphens": "none",
          "background": "none",
          "backgroundColor": "#fdfdfd",
          "boxSizing": "border-box",
          "color": "black",
          "fontFamily": "Consolas, Monaco, 'Andale Mono', 'Ubuntu Mono', monospace",
          "hyphens": "none",
          "lineHeight": "1.5",
          "margin": ".5em 0",
          "marginBottom": "1em",
          "msHyphens": "none",
          "overflow": "visible",
          "padding": "0",
          "position": "relative",
          "tabSize": "4",
          "textAlign": "left",
          "whiteSpace": "pre",
          "wordBreak": "normal",
          "wordSpacing": "normal",
          "wordWrap": "normal",
        }
      }
    >
      <code
        style={
          Object {
            "MozHyphens": "none",
            "MozTabSize": "4",
            "OTabSize": "4",
            "WebkitHyphens": "none",
            "background": "none",
            "color": "black",
            "fontFamily": "Consolas, Monaco, 'Andale Mono', 'Ubuntu Mono', monospace",
            "hyphens": "none",
            "lineHeight": "1.5",
            "msHyphens": "none",
            "tabSize": "4",
            "textAlign": "left",
            "whiteSpace": "pre",
            "wordBreak": "normal",
            "wordSpacing": "normal",
            "wordWrap": "normal",
          }
        }
      />
    </pre>
  </div>
  <header
    className="partial about menu"
  >
    <nav
      className="justify-content-center navbar navbar-expand navbar-tabs"
      fill="true"
    >
      <button
        aria-controls="basic-navbar-nav"
        aria-label="Toggle navigation"
        className="navbar-toggler collapsed"
        onClick={[Function]}
        type="button"
      >
        <span
          className="navbar-toggler-icon"
        />
      </button>
      <div
        aria-expanded={null}
        className="navbar-collapse collapse"
        id="basic-navbar-nav"
      >
        <div
          className="mr-auto navbar-nav"
          onKeyDown={[Function]}
        >
          <a
            className="nav-link"
            data-rb-event-key="/#/about"
            href="/#/about"
            onClick={[Function]}
            onKeyDown={[Function]}
          >
            About Us
          </a>
          <a
            className="nav-link"
            data-rb-event-key="/#/about/whoare"
            href="/#/about/whoare"
            onClick={[Function]}
            onKeyDown={[Function]}
          >
            Who Are
          </a>
          <a
            className="nav-link"
            data-rb-event-key="/#/about/whereare"
            href="/#/about/whereare"
            onClick={[Function]}
            onKeyDown={[Function]}
          >
            Where Are
          </a>
        </div>
      </div>
    </nav>
  </header>
</div>
`;
